------------------------------------------------------------
Timing Analyzer Summary
------------------------------------------------------------

Type  : Slow 1200mV 85C Model Setup 'Datapath:datapath|ProgramCounter[0]'
Slack : -65.718
TNS   : -913.582

Type  : Slow 1200mV 85C Model Setup 'SW[17]'
Slack : -31.080
TNS   : -27610.898

Type  : Slow 1200mV 85C Model Setup 'Datapath:datapath|PC:pc|PCOut[2]'
Slack : -29.377
TNS   : -27445.840

Type  : Slow 1200mV 85C Model Setup 'KEY[0]'
Slack : -16.419
TNS   : -569.657

Type  : Slow 1200mV 85C Model Hold 'Datapath:datapath|PC:pc|PCOut[2]'
Slack : -13.538
TNS   : -6248.440

Type  : Slow 1200mV 85C Model Hold 'SW[17]'
Slack : -0.677
TNS   : -1.999

Type  : Slow 1200mV 85C Model Hold 'KEY[0]'
Slack : 0.527
TNS   : 0.000

Type  : Slow 1200mV 85C Model Hold 'Datapath:datapath|ProgramCounter[0]'
Slack : 2.542
TNS   : 0.000

Type  : Slow 1200mV 85C Model Minimum Pulse Width 'Datapath:datapath|PC:pc|PCOut[2]'
Slack : -11.832
TNS   : -112025.955

Type  : Slow 1200mV 85C Model Minimum Pulse Width 'KEY[0]'
Slack : -3.000
TNS   : -85.240

Type  : Slow 1200mV 85C Model Minimum Pulse Width 'SW[17]'
Slack : -3.000
TNS   : -3.000

Type  : Slow 1200mV 85C Model Minimum Pulse Width 'Datapath:datapath|ProgramCounter[0]'
Slack : 0.393
TNS   : 0.000

Type  : Slow 1200mV 0C Model Setup 'Datapath:datapath|ProgramCounter[0]'
Slack : -59.236
TNS   : -823.111

Type  : Slow 1200mV 0C Model Setup 'SW[17]'
Slack : -28.645
TNS   : -25316.337

Type  : Slow 1200mV 0C Model Setup 'Datapath:datapath|PC:pc|PCOut[2]'
Slack : -27.234
TNS   : -25243.065

Type  : Slow 1200mV 0C Model Setup 'KEY[0]'
Slack : -14.942
TNS   : -516.578

Type  : Slow 1200mV 0C Model Hold 'Datapath:datapath|PC:pc|PCOut[2]'
Slack : -12.223
TNS   : -5707.236

Type  : Slow 1200mV 0C Model Hold 'SW[17]'
Slack : -0.629
TNS   : -1.972

Type  : Slow 1200mV 0C Model Hold 'KEY[0]'
Slack : 0.429
TNS   : 0.000

Type  : Slow 1200mV 0C Model Hold 'Datapath:datapath|ProgramCounter[0]'
Slack : 2.254
TNS   : 0.000

Type  : Slow 1200mV 0C Model Minimum Pulse Width 'Datapath:datapath|PC:pc|PCOut[2]'
Slack : -10.858
TNS   : -101539.301

Type  : Slow 1200mV 0C Model Minimum Pulse Width 'KEY[0]'
Slack : -3.000
TNS   : -85.240

Type  : Slow 1200mV 0C Model Minimum Pulse Width 'SW[17]'
Slack : -3.000
TNS   : -3.000

Type  : Slow 1200mV 0C Model Minimum Pulse Width 'Datapath:datapath|ProgramCounter[0]'
Slack : 0.233
TNS   : 0.000

Type  : Fast 1200mV 0C Model Setup 'Datapath:datapath|ProgramCounter[0]'
Slack : -32.210
TNS   : -445.715

Type  : Fast 1200mV 0C Model Setup 'SW[17]'
Slack : -15.730
TNS   : -13206.900

Type  : Fast 1200mV 0C Model Setup 'Datapath:datapath|PC:pc|PCOut[2]'
Slack : -15.327
TNS   : -13930.504

Type  : Fast 1200mV 0C Model Setup 'KEY[0]'
Slack : -7.683
TNS   : -252.608

Type  : Fast 1200mV 0C Model Hold 'Datapath:datapath|PC:pc|PCOut[2]'
Slack : -6.858
TNS   : -3058.509

Type  : Fast 1200mV 0C Model Hold 'SW[17]'
Slack : -0.839
TNS   : -5.528

Type  : Fast 1200mV 0C Model Hold 'KEY[0]'
Slack : -0.172
TNS   : -0.344

Type  : Fast 1200mV 0C Model Hold 'Datapath:datapath|ProgramCounter[0]'
Slack : 2.022
TNS   : 0.000

Type  : Fast 1200mV 0C Model Minimum Pulse Width 'Datapath:datapath|PC:pc|PCOut[2]'
Slack : -5.787
TNS   : -50092.222

Type  : Fast 1200mV 0C Model Minimum Pulse Width 'SW[17]'
Slack : -3.000
TNS   : -860.106

Type  : Fast 1200mV 0C Model Minimum Pulse Width 'KEY[0]'
Slack : -3.000
TNS   : -106.070

Type  : Fast 1200mV 0C Model Minimum Pulse Width 'Datapath:datapath|ProgramCounter[0]'
Slack : 0.230
TNS   : 0.000

------------------------------------------------------------
